// Jest Snapshot v1, https://goo.gl/fbAQLP

exports[`Item page testing with Enzyme renders without crashing 1`] = `ShallowWrapper {}`;
