// Jest Snapshot v1, https://goo.gl/fbAQLP

exports[`Loader component testing with Enzyme renders without crashing 1`] = `ShallowWrapper {}`;
