// Jest Snapshot v1, https://goo.gl/fbAQLP

exports[`Search page testing with Enzyme renders without crashing 1`] = `ShallowWrapper {}`;
